------------------------------------------------------------
Timing Analyzer Summary
------------------------------------------------------------

Type  : Slow 1200mV 85C Model Setup 'CLK'
Slack : -3.819
TNS   : -155.156

Type  : Slow 1200mV 85C Model Hold 'CLK'
Slack : 0.435
TNS   : 0.000

Type  : Slow 1200mV 85C Model Recovery 'CLK'
Slack : -0.922
TNS   : -15.897

Type  : Slow 1200mV 85C Model Removal 'CLK'
Slack : 0.649
TNS   : 0.000

Type  : Slow 1200mV 85C Model Minimum Pulse Width 'CLK'
Slack : -3.000
TNS   : -96.681

Type  : Slow 1200mV 0C Model Setup 'CLK'
Slack : -3.493
TNS   : -139.151

Type  : Slow 1200mV 0C Model Hold 'CLK'
Slack : 0.384
TNS   : 0.000

Type  : Slow 1200mV 0C Model Recovery 'CLK'
Slack : -0.783
TNS   : -12.439

Type  : Slow 1200mV 0C Model Removal 'CLK'
Slack : 0.581
TNS   : 0.000

Type  : Slow 1200mV 0C Model Minimum Pulse Width 'CLK'
Slack : -3.000
TNS   : -96.681

Type  : Fast 1200mV 0C Model Setup 'CLK'
Slack : -0.985
TNS   : -31.715

Type  : Fast 1200mV 0C Model Hold 'CLK'
Slack : 0.180
TNS   : 0.000

Type  : Fast 1200mV 0C Model Recovery 'CLK'
Slack : 0.123
TNS   : 0.000

Type  : Fast 1200mV 0C Model Removal 'CLK'
Slack : 0.287
TNS   : 0.000

Type  : Fast 1200mV 0C Model Minimum Pulse Width 'CLK'
Slack : -3.000
TNS   : -70.643

------------------------------------------------------------
